// Jest Snapshot v1, https://goo.gl/fbAQLP

exports[`<List> UI shouldn't change 1`] = `
.c0 {
  font-size: 14px;
  text-transform: uppercase;
  -webkit-letter-spacing: 2px;
  -moz-letter-spacing: 2px;
  -ms-letter-spacing: 2px;
  letter-spacing: 2px;
  font-weight: 500;
  display: block;
  color: #ffffff;
  margin-bottom: 20px;
}

.c1 {
  margin: -10px -12px;
  padding: 0;
  display: -webkit-box;
  display: -webkit-flex;
  display: -ms-flexbox;
  display: flex;
  -webkit-flex-wrap: wrap;
  -ms-flex-wrap: wrap;
  flex-wrap: wrap;
  list-style: none;
}

.c1 li {
  margin: 10px 12px;
}

.c1 a {
  display: block;
  width: 60px;
  height: 60px;
  line-height: 60px;
  text-align: center;
  font-size: 14px;
  -webkit-letter-spacing: 2px;
  -moz-letter-spacing: 2px;
  -ms-letter-spacing: 2px;
  letter-spacing: 2px;
  border-radius: 6px;
}

.c1 a > span {
  vertical-align: middle;
}

.c1 a > span img {
  height: 32px !important;
}

@media (max-width:575px) {
  .c0 {
    text-align: center;
  }
}

@media (max-width:575px) {
  .c1 {
    margin: 0 auto;
    -webkit-box-pack: center;
    -webkit-justify-content: center;
    -ms-flex-pack: center;
    justify-content: center;
  }
}

@media (max-width:575px) {
  .c1 li:first-child {
    margin-left: 0;
  }
}

<div
  class=""
>
  <span
    class="c0"
  >
    placeholder list
  </span>
  <ul
    class="c1"
  >
    <li>
      <span>
        hello
      </span>
    </li>
    <li>
      <span>
        world
      </span>
    </li>
  </ul>
</div>
`;
